// Jest Snapshot v1, https://goo.gl/fbAQLP

exports[`Badge renders 1`] = `
<div
  className="badge info middle"
>
  <div
    className="Flex rowGap1 columnGap0 xsDirectionRow xsItemsCenter"
  >
    <div
      className="FlexItem"
    >
      <div
        className="box contentCenter xsDisplayFlex"
      >
        <span
          className="Text fontSize200 inverse alignStart breakWord fontWeightSemiBold"
        >
          Badge
        </span>
      </div>
    </div>
  </div>
   
</div>
`;
